// Jest Snapshot v1, https://goo.gl/fbAQLP

exports[`Intro component should render correctly 1`] = `
<div
  className="intro"
>
  <h1
    className="intro__title"
  >
    Simple blogs app
  </h1>
  <p
    className="intro__text"
  >
    This is the home page
  </p>
</div>
`;
