// Jest Snapshot v1, https://goo.gl/fbAQLP

exports[`App render component correctly 1`] = `
<BrowserRouter>
  <div
    className="app-wrapper"
  >
    <Switch>
      <Route
        component={[Function]}
        exact={true}
        path="/"
      />
      <Route
        component={[Function]}
        path="/movie/:id"
      />
    </Switch>
    <Connect(MovieResults) />
    <Footer />
  </div>
</BrowserRouter>
`;
